---
source: tetris/tests/rotations.rs
expression: draw_piece(&piece)
---
"\"(0, 2), (0, 1), (0, 0), (0, -1), \"\n\n+-------+\n|       |\n|   #   |\n|   #   |\n|   #   |\n|   #   |\n+-------+\n"
